[17.07.2026 21:48:28,74] Starting CRM startup script. 
[17.07.2026 21:48:29,33] Docker is ready. Running docker compose up -d. 
 Container crm-db-1 Running 
 Container crm-web-1 Running 
 Container crm-db-1 Waiting 
 Container crm-db-1 Healthy 
[17.07.2026 21:48:30,09] CRM started: http://localhost:8000/ 
[18.07.2026  9:50:26,21] Starting CRM startup script. 
[18.07.2026  9:50:29,61] Starting Docker Desktop. 
[18.07.2026  9:50:42,38] Docker is ready. Running docker compose up -d. 
 Container crm-db-1 Starting 
 Container crm-db-1 Started 
 Container crm-db-1 Waiting 
 Container crm-db-1 Healthy 
 Container crm-web-1 Starting 
 Container crm-web-1 Started 
[18.07.2026  9:50:49,71] CRM started: http://localhost:8000/ 
[19.07.2026  9:51:00,17] Starting CRM startup script. 
[19.07.2026  9:51:03,58] Starting Docker Desktop. 
[19.07.2026  9:51:13,20] Docker is ready. Running docker compose up -d. 
 Container crm-db-1 Starting 
 Container crm-db-1 Started 
 Container crm-db-1 Waiting 
 Container crm-db-1 Healthy 
 Container crm-web-1 Starting 
 Container crm-web-1 Started 
[19.07.2026  9:51:20,09] CRM started: http://localhost:8000/ 
[20.07.2026  9:44:37,32] Starting CRM startup script. 
[20.07.2026  9:44:40,95] Starting Docker Desktop. 
[20.07.2026  9:45:04,41] Docker is ready. Running docker compose up -d. 
 Container crm-db-1 Starting 
 Container crm-db-1 Started 
 Container crm-db-1 Waiting 
 Container crm-db-1 Healthy 
 Container crm-web-1 Starting 
 Container crm-web-1 Started 
[20.07.2026  9:45:12,42] CRM started: http://localhost:8000/ 
[21.07.2026  9:56:36,18] Starting CRM startup script. 
[21.07.2026  9:56:38,89] Starting Docker Desktop. 
[21.07.2026  9:56:52,23] Docker is ready. Running docker compose up -d. 
 Container crm-db-1 Starting 
 Container crm-db-1 Started 
 Container crm-db-1 Waiting 
 Container crm-db-1 Healthy 
 Container crm-web-1 Starting 
 Container crm-web-1 Started 
[21.07.2026  9:57:06,65] CRM started: http://localhost:8000/ 
[22.07.2026 10:00:38,45] Starting CRM startup script. 
[22.07.2026 10:00:41,14] Starting Docker Desktop. 
[22.07.2026 10:00:55,20] Docker is ready. Running docker compose up -d. 
 Container crm-db-1 Starting 
 Container crm-db-1 Started 
 Container crm-db-1 Waiting 
 Container crm-web-1 Starting 

^C[23.07.2026  9:52:48,60] Starting CRM startup script. 
[23.07.2026  9:52:51,54] Starting Docker Desktop. 
[23.07.2026  9:53:06,28] Docker is ready. Running docker compose up -d. 
 Container crm-db-1 Starting 
 Container crm-db-1 Started 
 Container crm-db-1 Waiting 
 Container crm-db-1 Healthy 
 Container crm-web-1 Starting 
 Container crm-web-1 Started 
[23.07.2026  9:53:13,44] CRM started: http://localhost:8000/ 
[24.07.2026  9:08:15,16] Starting CRM startup script. 
[24.07.2026  9:08:17,59] Starting Docker Desktop. 
[24.07.2026  9:08:29,67] Docker is ready. Running docker compose up -d. 
 Container crm-db-1 Starting 
 Container crm-db-1 Started 
 Container crm-db-1 Waiting 
 Container crm-db-1 Healthy 
 Container crm-web-1 Starting 
 Container crm-web-1 Started 
[24.07.2026  9:08:37,21] CRM started: http://localhost:8000/ 
[25.07.2026  9:52:59,15] Starting CRM startup script. 
[25.07.2026  9:53:01,68] Starting Docker Desktop. 
[25.07.2026  9:53:14,98] Docker is ready. Running docker compose up -d. 
 Container crm-db-1 Starting 
 Container crm-db-1 Started 
 Container crm-db-1 Waiting 
 Container crm-db-1 Healthy 
 Container crm-web-1 Starting 
 Container crm-web-1 Started 
[25.07.2026  9:53:21,97] CRM started: http://localhost:8000/ 
[26.07.2026  9:36:29,58] Starting CRM startup script. 
[26.07.2026  9:36:32,77] Starting Docker Desktop. 
[26.07.2026  9:36:44,21] Docker is ready. Running docker compose up -d. 
 Container crm-db-1 Starting 
 Container crm-db-1 Started 
 Container crm-db-1 Waiting 
 Container crm-db-1 Healthy 
 Container crm-web-1 Starting 
 Container crm-web-1 Started 
[26.07.2026  9:36:51,13] CRM started: http://localhost:8000/ 
[27.07.2026  9:30:53,62] Starting CRM startup script. 
[27.07.2026  9:30:57,84] Starting Docker Desktop. 
[27.07.2026  9:31:09,00] Docker is ready. Running docker compose up -d. 
 Container crm-db-1 Starting 
 Container crm-db-1 Started 
 Container crm-db-1 Waiting 
 Container crm-db-1 Healthy 
 Container crm-web-1 Starting 
 Container crm-web-1 Started 
[27.07.2026  9:31:15,95] CRM started: http://localhost:8000/ 
[28.07.2026  9:50:57,11] Starting CRM startup script. 
[28.07.2026  9:51:01,67] Starting Docker Desktop. 
[28.07.2026  9:51:13,85] Docker is ready. Running docker compose up -d. 
 Container crm-db-1 Starting 
 Container crm-db-1 Started 
 Container crm-db-1 Waiting 
 Container crm-db-1 Healthy 
 Container crm-web-1 Starting 
 Container crm-web-1 Started 
[28.07.2026  9:51:21,40] CRM started: http://localhost:8000/ 
